// Jest Snapshot v1, https://goo.gl/fbAQLP

exports[`renderer should render not found message 1`] = `
<div>
  <Markdown
    text="
# 404

## Sorry, this page isn't available

The link you followed may be broken, or the page may have been removed

"
  />
</div>
`;
